// Jest Snapshot v1, https://goo.gl/fbAQLP

exports[`Spinner component Should render Spinner Component 1`] = `
<DocumentFragment>
  <div
    class="Spinner"
  />
</DocumentFragment>
`;
